--include-from=bazel/utils/with-opts.files_to_copy -rsync1=foo -rsync2 --exclude=external .. non-existant-machine-1.corp:~/__bazel_utils_hello-world/
--include-from=bazel/utils/with-opts.files_to_copy -rsync1=foo -rsync2 --exclude=external .. non-existant-machine-2.corp:~/__bazel_utils_hello-world/
